Starting >>> encoder_interface
[100%] Built target encoder_node
-- Install configuration: "Release"
-- Execute custom install script
-- Up-to-date symlink: /mnt/external/DIY/CameraModule/autonomous_rc/install/encoder_interface/lib/encoder_interface/encoder_node
-- Up-to-date symlink: /mnt/external/DIY/CameraModule/autonomous_rc/install/encoder_interface/share/encoder_interface/launch/encoder_interface.launch.py
-- Up-to-date symlink: /mnt/external/DIY/CameraModule/autonomous_rc/install/encoder_interface/share/ament_index/resource_index/package_run_dependencies/encoder_interface
-- Up-to-date symlink: /mnt/external/DIY/CameraModule/autonomous_rc/install/encoder_interface/share/ament_index/resource_index/parent_prefix_path/encoder_interface
-- Up-to-date symlink: /mnt/external/DIY/CameraModule/autonomous_rc/install/encoder_interface/share/encoder_interface/environment/ament_prefix_path.sh
-- Up-to-date symlink: /mnt/external/DIY/CameraModule/autonomous_rc/install/encoder_interface/share/encoder_interface/environment/ament_prefix_path.dsv
-- Up-to-date symlink: /mnt/external/DIY/CameraModule/autonomous_rc/install/encoder_interface/share/encoder_interface/environment/path.sh
-- Up-to-date symlink: /mnt/external/DIY/CameraModule/autonomous_rc/install/encoder_interface/share/encoder_interface/environment/path.dsv
-- Up-to-date symlink: /mnt/external/DIY/CameraModule/autonomous_rc/install/encoder_interface/share/encoder_interface/local_setup.bash
-- Up-to-date symlink: /mnt/external/DIY/CameraModule/autonomous_rc/install/encoder_interface/share/encoder_interface/local_setup.sh
-- Up-to-date symlink: /mnt/external/DIY/CameraModule/autonomous_rc/install/encoder_interface/share/encoder_interface/local_setup.zsh
-- Up-to-date symlink: /mnt/external/DIY/CameraModule/autonomous_rc/install/encoder_interface/share/encoder_interface/local_setup.dsv
-- Symlinking: /mnt/external/DIY/CameraModule/autonomous_rc/install/encoder_interface/share/encoder_interface/package.dsv
-- Up-to-date symlink: /mnt/external/DIY/CameraModule/autonomous_rc/install/encoder_interface/share/ament_index/resource_index/packages/encoder_interface
-- Up-to-date symlink: /mnt/external/DIY/CameraModule/autonomous_rc/install/encoder_interface/share/encoder_interface/cmake/encoder_interfaceConfig.cmake
-- Up-to-date symlink: /mnt/external/DIY/CameraModule/autonomous_rc/install/encoder_interface/share/encoder_interface/cmake/encoder_interfaceConfig-version.cmake
-- Up-to-date symlink: /mnt/external/DIY/CameraModule/autonomous_rc/install/encoder_interface/share/encoder_interface/package.xml
Finished <<< encoder_interface [0.22s]
Starting >>> lane_detection
[ 40%] Built target lane_detector
[100%] Built target lane_detection_node
-- Install configuration: "Release"
-- Execute custom install script
-- Up-to-date symlink: /mnt/external/DIY/CameraModule/autonomous_rc/install/lane_detection/lib/lane_detection/lane_detection_node
-- Up-to-date symlink: /mnt/external/DIY/CameraModule/autonomous_rc/install/lane_detection/lib/liblane_detector.a
-- Up-to-date symlink: /mnt/external/DIY/CameraModule/autonomous_rc/install/lane_detection/share/lane_detection/launch/__pycache__/lane_detection.launch.cpython-311.pyc
-- Up-to-date symlink: /mnt/external/DIY/CameraModule/autonomous_rc/install/lane_detection/share/lane_detection/launch/lane_detection.launch.py
-- Up-to-date symlink: /mnt/external/DIY/CameraModule/autonomous_rc/install/lane_detection/share/ament_index/resource_index/package_run_dependencies/lane_detection
-- Up-to-date symlink: /mnt/external/DIY/CameraModule/autonomous_rc/install/lane_detection/share/ament_index/resource_index/parent_prefix_path/lane_detection
-- Up-to-date symlink: /mnt/external/DIY/CameraModule/autonomous_rc/install/lane_detection/share/lane_detection/environment/ament_prefix_path.sh
-- Up-to-date symlink: /mnt/external/DIY/CameraModule/autonomous_rc/install/lane_detection/share/lane_detection/environment/ament_prefix_path.dsv
-- Up-to-date symlink: /mnt/external/DIY/CameraModule/autonomous_rc/install/lane_detection/share/lane_detection/environment/path.sh
-- Up-to-date symlink: /mnt/external/DIY/CameraModule/autonomous_rc/install/lane_detection/share/lane_detection/environment/path.dsv
-- Up-to-date symlink: /mnt/external/DIY/CameraModule/autonomous_rc/install/lane_detection/share/lane_detection/local_setup.bash
-- Up-to-date symlink: /mnt/external/DIY/CameraModule/autonomous_rc/install/lane_detection/share/lane_detection/local_setup.sh
-- Up-to-date symlink: /mnt/external/DIY/CameraModule/autonomous_rc/install/lane_detection/share/lane_detection/local_setup.zsh
-- Up-to-date symlink: /mnt/external/DIY/CameraModule/autonomous_rc/install/lane_detection/share/lane_detection/local_setup.dsv
-- Symlinking: /mnt/external/DIY/CameraModule/autonomous_rc/install/lane_detection/share/lane_detection/package.dsv
-- Up-to-date symlink: /mnt/external/DIY/CameraModule/autonomous_rc/install/lane_detection/share/ament_index/resource_index/packages/lane_detection
-- Up-to-date symlink: /mnt/external/DIY/CameraModule/autonomous_rc/install/lane_detection/share/lane_detection/cmake/lane_detectionConfig.cmake
-- Up-to-date symlink: /mnt/external/DIY/CameraModule/autonomous_rc/install/lane_detection/share/lane_detection/cmake/lane_detectionConfig-version.cmake
-- Up-to-date symlink: /mnt/external/DIY/CameraModule/autonomous_rc/install/lane_detection/share/lane_detection/package.xml
Finished <<< lane_detection [0.42s]
Starting >>> lidar_interface
[100%] Built target scan_filter_node
-- Install configuration: "Release"
-- Execute custom install script
-- Up-to-date symlink: /mnt/external/DIY/CameraModule/autonomous_rc/install/lidar_interface/lib/lidar_interface/scan_filter_node
-- Up-to-date symlink: /mnt/external/DIY/CameraModule/autonomous_rc/install/lidar_interface/share/lidar_interface/launch/lidar_interface.launch.py
-- Up-to-date symlink: /mnt/external/DIY/CameraModule/autonomous_rc/install/lidar_interface/share/lidar_interface/config/rplidar.yaml
-- Up-to-date symlink: /mnt/external/DIY/CameraModule/autonomous_rc/install/lidar_interface/share/ament_index/resource_index/package_run_dependencies/lidar_interface
-- Up-to-date symlink: /mnt/external/DIY/CameraModule/autonomous_rc/install/lidar_interface/share/ament_index/resource_index/parent_prefix_path/lidar_interface
-- Up-to-date symlink: /mnt/external/DIY/CameraModule/autonomous_rc/install/lidar_interface/share/lidar_interface/environment/ament_prefix_path.sh
-- Up-to-date symlink: /mnt/external/DIY/CameraModule/autonomous_rc/install/lidar_interface/share/lidar_interface/environment/ament_prefix_path.dsv
-- Up-to-date symlink: /mnt/external/DIY/CameraModule/autonomous_rc/install/lidar_interface/share/lidar_interface/environment/path.sh
-- Up-to-date symlink: /mnt/external/DIY/CameraModule/autonomous_rc/install/lidar_interface/share/lidar_interface/environment/path.dsv
-- Up-to-date symlink: /mnt/external/DIY/CameraModule/autonomous_rc/install/lidar_interface/share/lidar_interface/local_setup.bash
-- Up-to-date symlink: /mnt/external/DIY/CameraModule/autonomous_rc/install/lidar_interface/share/lidar_interface/local_setup.sh
-- Up-to-date symlink: /mnt/external/DIY/CameraModule/autonomous_rc/install/lidar_interface/share/lidar_interface/local_setup.zsh
-- Up-to-date symlink: /mnt/external/DIY/CameraModule/autonomous_rc/install/lidar_interface/share/lidar_interface/local_setup.dsv
-- Symlinking: /mnt/external/DIY/CameraModule/autonomous_rc/install/lidar_interface/share/lidar_interface/package.dsv
-- Up-to-date symlink: /mnt/external/DIY/CameraModule/autonomous_rc/install/lidar_interface/share/ament_index/resource_index/packages/lidar_interface
-- Up-to-date symlink: /mnt/external/DIY/CameraModule/autonomous_rc/install/lidar_interface/share/lidar_interface/cmake/lidar_interfaceConfig.cmake
-- Up-to-date symlink: /mnt/external/DIY/CameraModule/autonomous_rc/install/lidar_interface/share/lidar_interface/cmake/lidar_interfaceConfig-version.cmake
-- Up-to-date symlink: /mnt/external/DIY/CameraModule/autonomous_rc/install/lidar_interface/share/lidar_interface/package.xml
Finished <<< lidar_interface [0.22s]
Starting >>> obstacle_detection
[ 40%] Built target vfh_planner
[100%] Built target obstacle_avoidance_node
-- Install configuration: "Release"
-- Execute custom install script
-- Up-to-date symlink: /mnt/external/DIY/CameraModule/autonomous_rc/install/obstacle_detection/lib/obstacle_detection/obstacle_avoidance_node
-- Up-to-date symlink: /mnt/external/DIY/CameraModule/autonomous_rc/install/obstacle_detection/lib/libvfh_planner.a
-- Up-to-date symlink: /mnt/external/DIY/CameraModule/autonomous_rc/install/obstacle_detection/share/obstacle_detection/launch/__pycache__/obstacle_detection.launch.cpython-311.pyc
-- Up-to-date symlink: /mnt/external/DIY/CameraModule/autonomous_rc/install/obstacle_detection/share/obstacle_detection/launch/obstacle_detection.launch.py
-- Up-to-date symlink: /mnt/external/DIY/CameraModule/autonomous_rc/install/obstacle_detection/share/ament_index/resource_index/package_run_dependencies/obstacle_detection
-- Up-to-date symlink: /mnt/external/DIY/CameraModule/autonomous_rc/install/obstacle_detection/share/ament_index/resource_index/parent_prefix_path/obstacle_detection
-- Up-to-date symlink: /mnt/external/DIY/CameraModule/autonomous_rc/install/obstacle_detection/share/obstacle_detection/environment/ament_prefix_path.sh
-- Up-to-date symlink: /mnt/external/DIY/CameraModule/autonomous_rc/install/obstacle_detection/share/obstacle_detection/environment/ament_prefix_path.dsv
-- Up-to-date symlink: /mnt/external/DIY/CameraModule/autonomous_rc/install/obstacle_detection/share/obstacle_detection/environment/path.sh
-- Up-to-date symlink: /mnt/external/DIY/CameraModule/autonomous_rc/install/obstacle_detection/share/obstacle_detection/environment/path.dsv
-- Up-to-date symlink: /mnt/external/DIY/CameraModule/autonomous_rc/install/obstacle_detection/share/obstacle_detection/local_setup.bash
-- Up-to-date symlink: /mnt/external/DIY/CameraModule/autonomous_rc/install/obstacle_detection/share/obstacle_detection/local_setup.sh
-- Up-to-date symlink: /mnt/external/DIY/CameraModule/autonomous_rc/install/obstacle_detection/share/obstacle_detection/local_setup.zsh
-- Up-to-date symlink: /mnt/external/DIY/CameraModule/autonomous_rc/install/obstacle_detection/share/obstacle_detection/local_setup.dsv
-- Symlinking: /mnt/external/DIY/CameraModule/autonomous_rc/install/obstacle_detection/share/obstacle_detection/package.dsv
-- Up-to-date symlink: /mnt/external/DIY/CameraModule/autonomous_rc/install/obstacle_detection/share/ament_index/resource_index/packages/obstacle_detection
-- Up-to-date symlink: /mnt/external/DIY/CameraModule/autonomous_rc/install/obstacle_detection/share/obstacle_detection/cmake/obstacle_detectionConfig.cmake
-- Up-to-date symlink: /mnt/external/DIY/CameraModule/autonomous_rc/install/obstacle_detection/share/obstacle_detection/cmake/obstacle_detectionConfig-version.cmake
-- Up-to-date symlink: /mnt/external/DIY/CameraModule/autonomous_rc/install/obstacle_detection/share/obstacle_detection/package.xml
Finished <<< obstacle_detection [0.31s]
Starting >>> planner
[ 50%] Built target planner_core
[100%] Built target local_planner_node
-- Install configuration: "Release"
-- Execute custom install script
-- Up-to-date symlink: /mnt/external/DIY/CameraModule/autonomous_rc/install/planner/lib/planner/local_planner_node
-- Up-to-date symlink: /mnt/external/DIY/CameraModule/autonomous_rc/install/planner/lib/libplanner_core.a
-- Up-to-date symlink: /mnt/external/DIY/CameraModule/autonomous_rc/install/planner/share/planner/launch/planner.launch.py
-- Up-to-date symlink: /mnt/external/DIY/CameraModule/autonomous_rc/install/planner/share/planner/config/raceline.yaml
-- Up-to-date symlink: /mnt/external/DIY/CameraModule/autonomous_rc/install/planner/share/ament_index/resource_index/package_run_dependencies/planner
-- Up-to-date symlink: /mnt/external/DIY/CameraModule/autonomous_rc/install/planner/share/ament_index/resource_index/parent_prefix_path/planner
-- Up-to-date symlink: /mnt/external/DIY/CameraModule/autonomous_rc/install/planner/share/planner/environment/ament_prefix_path.sh
-- Up-to-date symlink: /mnt/external/DIY/CameraModule/autonomous_rc/install/planner/share/planner/environment/ament_prefix_path.dsv
-- Up-to-date symlink: /mnt/external/DIY/CameraModule/autonomous_rc/install/planner/share/planner/environment/path.sh
-- Up-to-date symlink: /mnt/external/DIY/CameraModule/autonomous_rc/install/planner/share/planner/environment/path.dsv
-- Up-to-date symlink: /mnt/external/DIY/CameraModule/autonomous_rc/install/planner/share/planner/local_setup.bash
-- Up-to-date symlink: /mnt/external/DIY/CameraModule/autonomous_rc/install/planner/share/planner/local_setup.sh
-- Up-to-date symlink: /mnt/external/DIY/CameraModule/autonomous_rc/install/planner/share/planner/local_setup.zsh
-- Up-to-date symlink: /mnt/external/DIY/CameraModule/autonomous_rc/install/planner/share/planner/local_setup.dsv
-- Symlinking: /mnt/external/DIY/CameraModule/autonomous_rc/install/planner/share/planner/package.dsv
-- Up-to-date symlink: /mnt/external/DIY/CameraModule/autonomous_rc/install/planner/share/ament_index/resource_index/packages/planner
-- Up-to-date symlink: /mnt/external/DIY/CameraModule/autonomous_rc/install/planner/share/planner/cmake/plannerConfig.cmake
-- Up-to-date symlink: /mnt/external/DIY/CameraModule/autonomous_rc/install/planner/share/planner/cmake/plannerConfig-version.cmake
-- Up-to-date symlink: /mnt/external/DIY/CameraModule/autonomous_rc/install/planner/share/planner/package.xml
Finished <<< planner [0.28s]
Starting >>> safety_manager
[  2%] Built target safety_manager__cpp
[ 11%] Built target safety_manager__rosidl_generator_c
[ 11%] Built target ament_cmake_python_symlink_safety_manager
[ 37%] Built target safety_manager__rosidl_typesupport_cpp
[ 39%] Built target safety_manager__rosidl_typesupport_introspection_c
[ 41%] Built target safety_manager__rosidl_typesupport_fastrtps_cpp
[ 53%] Built target safety_manager__rosidl_typesupport_c
[ 58%] Built target safety_manager__rosidl_typesupport_fastrtps_c
[ 67%] Built target safety_manager__rosidl_typesupport_introspection_cpp
[ 67%] Built target safety_manager
[ 76%] Built target estop_bridge_node
[ 79%] Built target safety_manager__py
[ 86%] Built target safety_manager__rosidl_generator_py
[ 90%] Built target safety_manager__rosidl_typesupport_introspection_c__pyext
[ 95%] Built target safety_manager__rosidl_typesupport_fastrtps_c__pyext
[100%] Built target safety_manager__rosidl_typesupport_c__pyext
running egg_info
writing safety_manager.egg-info/PKG-INFO
writing dependency_links to safety_manager.egg-info/dependency_links.txt
writing top-level names to safety_manager.egg-info/top_level.txt
reading manifest file 'safety_manager.egg-info/SOURCES.txt'
writing manifest file 'safety_manager.egg-info/SOURCES.txt'
[100%] Built target ament_cmake_python_build_safety_manager_egg
-- Install configuration: "Release"
-- Execute custom install script
-- Up-to-date symlink: /mnt/external/DIY/CameraModule/autonomous_rc/install/safety_manager/share/ament_index/resource_index/rosidl_interfaces/safety_manager
-- Up-to-date symlink: /mnt/external/DIY/CameraModule/autonomous_rc/install/safety_manager/include/safety_manager/safety_manager/msg/detail/e_stop_status__functions.h
-- Up-to-date symlink: /mnt/external/DIY/CameraModule/autonomous_rc/install/safety_manager/include/safety_manager/safety_manager/msg/detail/e_stop_status__struct.h
-- Up-to-date symlink: /mnt/external/DIY/CameraModule/autonomous_rc/install/safety_manager/include/safety_manager/safety_manager/msg/detail/e_stop_status__type_support.h
-- Up-to-date symlink: /mnt/external/DIY/CameraModule/autonomous_rc/install/safety_manager/include/safety_manager/safety_manager/msg/detail/vehicle_state__functions.h
-- Up-to-date symlink: /mnt/external/DIY/CameraModule/autonomous_rc/install/safety_manager/include/safety_manager/safety_manager/msg/detail/vehicle_state__struct.h
-- Up-to-date symlink: /mnt/external/DIY/CameraModule/autonomous_rc/install/safety_manager/include/safety_manager/safety_manager/msg/detail/vehicle_state__type_support.h
-- Up-to-date symlink: /mnt/external/DIY/CameraModule/autonomous_rc/install/safety_manager/include/safety_manager/safety_manager/msg/e_stop_status.h
-- Up-to-date symlink: /mnt/external/DIY/CameraModule/autonomous_rc/install/safety_manager/include/safety_manager/safety_manager/msg/rosidl_generator_c__visibility_control.h
-- Up-to-date symlink: /mnt/external/DIY/CameraModule/autonomous_rc/install/safety_manager/include/safety_manager/safety_manager/msg/vehicle_state.h
-- Up-to-date symlink: /mnt/external/DIY/CameraModule/autonomous_rc/install/safety_manager/include/safety_manager/safety_manager/msg/detail/e_stop_status__rosidl_typesupport_fastrtps_c.h
-- Up-to-date symlink: /mnt/external/DIY/CameraModule/autonomous_rc/install/safety_manager/include/safety_manager/safety_manager/msg/detail/vehicle_state__rosidl_typesupport_fastrtps_c.h
-- Up-to-date symlink: /mnt/external/DIY/CameraModule/autonomous_rc/install/safety_manager/include/safety_manager/safety_manager/msg/rosidl_typesupport_fastrtps_c__visibility_control.h
-- Up-to-date symlink: /mnt/external/DIY/CameraModule/autonomous_rc/install/safety_manager/include/safety_manager/safety_manager/msg/detail/e_stop_status__builder.hpp
-- Up-to-date symlink: /mnt/external/DIY/CameraModule/autonomous_rc/install/safety_manager/include/safety_manager/safety_manager/msg/detail/e_stop_status__struct.hpp
-- Up-to-date symlink: /mnt/external/DIY/CameraModule/autonomous_rc/install/safety_manager/include/safety_manager/safety_manager/msg/detail/e_stop_status__traits.hpp
-- Up-to-date symlink: /mnt/external/DIY/CameraModule/autonomous_rc/install/safety_manager/include/safety_manager/safety_manager/msg/detail/e_stop_status__type_support.hpp
-- Up-to-date symlink: /mnt/external/DIY/CameraModule/autonomous_rc/install/safety_manager/include/safety_manager/safety_manager/msg/detail/vehicle_state__builder.hpp
-- Up-to-date symlink: /mnt/external/DIY/CameraModule/autonomous_rc/install/safety_manager/include/safety_manager/safety_manager/msg/detail/vehicle_state__struct.hpp
-- Up-to-date symlink: /mnt/external/DIY/CameraModule/autonomous_rc/install/safety_manager/include/safety_manager/safety_manager/msg/detail/vehicle_state__traits.hpp
-- Up-to-date symlink: /mnt/external/DIY/CameraModule/autonomous_rc/install/safety_manager/include/safety_manager/safety_manager/msg/detail/vehicle_state__type_support.hpp
-- Up-to-date symlink: /mnt/external/DIY/CameraModule/autonomous_rc/install/safety_manager/include/safety_manager/safety_manager/msg/e_stop_status.hpp
-- Up-to-date symlink: /mnt/external/DIY/CameraModule/autonomous_rc/install/safety_manager/include/safety_manager/safety_manager/msg/rosidl_generator_cpp__visibility_control.hpp
-- Up-to-date symlink: /mnt/external/DIY/CameraModule/autonomous_rc/install/safety_manager/include/safety_manager/safety_manager/msg/vehicle_state.hpp
-- Up-to-date symlink: /mnt/external/DIY/CameraModule/autonomous_rc/install/safety_manager/include/safety_manager/safety_manager/msg/detail/e_stop_status__rosidl_typesupport_fastrtps_cpp.hpp
-- Up-to-date symlink: /mnt/external/DIY/CameraModule/autonomous_rc/install/safety_manager/include/safety_manager/safety_manager/msg/detail/vehicle_state__rosidl_typesupport_fastrtps_cpp.hpp
-- Up-to-date symlink: /mnt/external/DIY/CameraModule/autonomous_rc/install/safety_manager/include/safety_manager/safety_manager/msg/rosidl_typesupport_fastrtps_cpp__visibility_control.h
-- Up-to-date symlink: /mnt/external/DIY/CameraModule/autonomous_rc/install/safety_manager/include/safety_manager/safety_manager/msg/detail/e_stop_status__rosidl_typesupport_introspection_c.h
-- Up-to-date symlink: /mnt/external/DIY/CameraModule/autonomous_rc/install/safety_manager/include/safety_manager/safety_manager/msg/detail/vehicle_state__rosidl_typesupport_introspection_c.h
-- Up-to-date symlink: /mnt/external/DIY/CameraModule/autonomous_rc/install/safety_manager/include/safety_manager/safety_manager/msg/rosidl_typesupport_introspection_c__visibility_control.h
-- Up-to-date symlink: /mnt/external/DIY/CameraModule/autonomous_rc/install/safety_manager/include/safety_manager/safety_manager/msg/detail/e_stop_status__rosidl_typesupport_introspection_cpp.hpp
-- Up-to-date symlink: /mnt/external/DIY/CameraModule/autonomous_rc/install/safety_manager/include/safety_manager/safety_manager/msg/detail/vehicle_state__rosidl_typesupport_introspection_cpp.hpp
-- Up-to-date symlink: /mnt/external/DIY/CameraModule/autonomous_rc/install/safety_manager/share/safety_manager/environment/pythonpath.sh
-- Up-to-date symlink: /mnt/external/DIY/CameraModule/autonomous_rc/install/safety_manager/share/safety_manager/environment/pythonpath.dsv
-- Up-to-date symlink: /mnt/external/DIY/CameraModule/autonomous_rc/install/safety_manager/lib/python3.11/site-packages/safety_manager-1.0.0-py3.11.egg-info/PKG-INFO
-- Up-to-date symlink: /mnt/external/DIY/CameraModule/autonomous_rc/install/safety_manager/lib/python3.11/site-packages/safety_manager-1.0.0-py3.11.egg-info/SOURCES.txt
-- Up-to-date symlink: /mnt/external/DIY/CameraModule/autonomous_rc/install/safety_manager/lib/python3.11/site-packages/safety_manager-1.0.0-py3.11.egg-info/dependency_links.txt
-- Up-to-date symlink: /mnt/external/DIY/CameraModule/autonomous_rc/install/safety_manager/lib/python3.11/site-packages/safety_manager-1.0.0-py3.11.egg-info/top_level.txt
-- Up-to-date symlink: /mnt/external/DIY/CameraModule/autonomous_rc/install/safety_manager/lib/python3.11/site-packages/safety_manager/__init__.py
-- Up-to-date symlink: /mnt/external/DIY/CameraModule/autonomous_rc/install/safety_manager/lib/python3.11/site-packages/safety_manager/_safety_manager_s.ep.rosidl_typesupport_c.c
-- Up-to-date symlink: /mnt/external/DIY/CameraModule/autonomous_rc/install/safety_manager/lib/python3.11/site-packages/safety_manager/_safety_manager_s.ep.rosidl_typesupport_fastrtps_c.c
-- Up-to-date symlink: /mnt/external/DIY/CameraModule/autonomous_rc/install/safety_manager/lib/python3.11/site-packages/safety_manager/_safety_manager_s.ep.rosidl_typesupport_introspection_c.c
-- Up-to-date symlink: /mnt/external/DIY/CameraModule/autonomous_rc/install/safety_manager/lib/python3.11/site-packages/safety_manager/libsafety_manager__rosidl_generator_py.so
-- Up-to-date symlink: /mnt/external/DIY/CameraModule/autonomous_rc/install/safety_manager/lib/python3.11/site-packages/safety_manager/msg/__init__.py
-- Up-to-date symlink: /mnt/external/DIY/CameraModule/autonomous_rc/install/safety_manager/lib/python3.11/site-packages/safety_manager/msg/_e_stop_status.py
-- Up-to-date symlink: /mnt/external/DIY/CameraModule/autonomous_rc/install/safety_manager/lib/python3.11/site-packages/safety_manager/msg/_e_stop_status_s.c
-- Up-to-date symlink: /mnt/external/DIY/CameraModule/autonomous_rc/install/safety_manager/lib/python3.11/site-packages/safety_manager/msg/_vehicle_state.py
-- Up-to-date symlink: /mnt/external/DIY/CameraModule/autonomous_rc/install/safety_manager/lib/python3.11/site-packages/safety_manager/msg/_vehicle_state_s.c
-- Up-to-date symlink: /mnt/external/DIY/CameraModule/autonomous_rc/install/safety_manager/lib/python3.11/site-packages/safety_manager/safety_manager_s__rosidl_typesupport_c.cpython-311-x86_64-linux-gnu.so
-- Up-to-date symlink: /mnt/external/DIY/CameraModule/autonomous_rc/install/safety_manager/lib/python3.11/site-packages/safety_manager/safety_manager_s__rosidl_typesupport_fastrtps_c.cpython-311-x86_64-linux-gnu.so
-- Up-to-date symlink: /mnt/external/DIY/CameraModule/autonomous_rc/install/safety_manager/lib/python3.11/site-packages/safety_manager/safety_manager_s__rosidl_typesupport_introspection_c.cpython-311-x86_64-linux-gnu.so
-- Up-to-date symlink: /mnt/external/DIY/CameraModule/autonomous_rc/install/safety_manager/lib/python3.11/site-packages/safety_manager/safety_manager_s__rosidl_typesupport_fastrtps_c.cpython-311-x86_64-linux-gnu.so
-- Up-to-date symlink: /mnt/external/DIY/CameraModule/autonomous_rc/install/safety_manager/lib/python3.11/site-packages/safety_manager/safety_manager_s__rosidl_typesupport_introspection_c.cpython-311-x86_64-linux-gnu.so
-- Up-to-date symlink: /mnt/external/DIY/CameraModule/autonomous_rc/install/safety_manager/lib/python3.11/site-packages/safety_manager/safety_manager_s__rosidl_typesupport_c.cpython-311-x86_64-linux-gnu.so
-- Up-to-date symlink: /mnt/external/DIY/CameraModule/autonomous_rc/install/safety_manager/share/safety_manager/msg/EStopStatus.idl
-- Up-to-date symlink: /mnt/external/DIY/CameraModule/autonomous_rc/install/safety_manager/share/safety_manager/msg/VehicleState.idl
-- Up-to-date symlink: /mnt/external/DIY/CameraModule/autonomous_rc/install/safety_manager/share/safety_manager/msg/EStopStatus.msg
-- Up-to-date symlink: /mnt/external/DIY/CameraModule/autonomous_rc/install/safety_manager/share/safety_manager/msg/VehicleState.msg
-- Up-to-date symlink: /mnt/external/DIY/CameraModule/autonomous_rc/install/safety_manager/lib/safety_manager/estop_bridge_node
-- Up-to-date symlink: /mnt/external/DIY/CameraModule/autonomous_rc/install/safety_manager/share/safety_manager/launch/safety_manager.launch.py
-- Up-to-date symlink: /mnt/external/DIY/CameraModule/autonomous_rc/install/safety_manager/share/safety_manager/firmware/esp32_estop/esp32_estop.cpp
-- Up-to-date symlink: /mnt/external/DIY/CameraModule/autonomous_rc/install/safety_manager/share/safety_manager/firmware/esp32_estop/include/uart_protocol.hpp
-- Up-to-date symlink: /mnt/external/DIY/CameraModule/autonomous_rc/install/safety_manager/share/safety_manager/firmware/esp32_estop/platformio.ini
-- Up-to-date symlink: /mnt/external/DIY/CameraModule/autonomous_rc/install/safety_manager/share/ament_index/resource_index/package_run_dependencies/safety_manager
-- Up-to-date symlink: /mnt/external/DIY/CameraModule/autonomous_rc/install/safety_manager/share/ament_index/resource_index/parent_prefix_path/safety_manager
-- Up-to-date symlink: /mnt/external/DIY/CameraModule/autonomous_rc/install/safety_manager/share/safety_manager/environment/ament_prefix_path.sh
-- Up-to-date symlink: /mnt/external/DIY/CameraModule/autonomous_rc/install/safety_manager/share/safety_manager/environment/ament_prefix_path.dsv
-- Up-to-date symlink: /mnt/external/DIY/CameraModule/autonomous_rc/install/safety_manager/share/safety_manager/environment/path.sh
-- Up-to-date symlink: /mnt/external/DIY/CameraModule/autonomous_rc/install/safety_manager/share/safety_manager/environment/path.dsv
-- Up-to-date symlink: /mnt/external/DIY/CameraModule/autonomous_rc/install/safety_manager/share/safety_manager/local_setup.bash
-- Up-to-date symlink: /mnt/external/DIY/CameraModule/autonomous_rc/install/safety_manager/share/safety_manager/local_setup.sh
-- Up-to-date symlink: /mnt/external/DIY/CameraModule/autonomous_rc/install/safety_manager/share/safety_manager/local_setup.zsh
-- Up-to-date symlink: /mnt/external/DIY/CameraModule/autonomous_rc/install/safety_manager/share/safety_manager/local_setup.dsv
-- Symlinking: /mnt/external/DIY/CameraModule/autonomous_rc/install/safety_manager/share/safety_manager/package.dsv
-- Up-to-date symlink: /mnt/external/DIY/CameraModule/autonomous_rc/install/safety_manager/share/ament_index/resource_index/packages/safety_manager
-- Up-to-date symlink: /mnt/external/DIY/CameraModule/autonomous_rc/install/safety_manager/share/safety_manager/cmake/rosidl_cmake-extras.cmake
-- Up-to-date symlink: /mnt/external/DIY/CameraModule/autonomous_rc/install/safety_manager/share/safety_manager/cmake/ament_cmake_export_dependencies-extras.cmake
-- Up-to-date symlink: /mnt/external/DIY/CameraModule/autonomous_rc/install/safety_manager/share/safety_manager/cmake/ament_cmake_export_include_directories-extras.cmake
-- Up-to-date symlink: /mnt/external/DIY/CameraModule/autonomous_rc/install/safety_manager/share/safety_manager/cmake/ament_cmake_export_libraries-extras.cmake
-- Up-to-date symlink: /mnt/external/DIY/CameraModule/autonomous_rc/install/safety_manager/share/safety_manager/cmake/ament_cmake_export_targets-extras.cmake
-- Up-to-date symlink: /mnt/external/DIY/CameraModule/autonomous_rc/install/safety_manager/share/safety_manager/cmake/rosidl_cmake_export_typesupport_targets-extras.cmake
-- Up-to-date symlink: /mnt/external/DIY/CameraModule/autonomous_rc/install/safety_manager/share/safety_manager/cmake/rosidl_cmake_export_typesupport_libraries-extras.cmake
-- Up-to-date symlink: /mnt/external/DIY/CameraModule/autonomous_rc/install/safety_manager/share/safety_manager/cmake/safety_managerConfig.cmake
-- Up-to-date symlink: /mnt/external/DIY/CameraModule/autonomous_rc/install/safety_manager/share/safety_manager/cmake/safety_managerConfig-version.cmake
-- Up-to-date symlink: /mnt/external/DIY/CameraModule/autonomous_rc/install/safety_manager/share/safety_manager/package.xml
-- Installing: /mnt/external/DIY/CameraModule/autonomous_rc/install/safety_manager/lib/libsafety_manager__rosidl_generator_c.so
-- Installing: /mnt/external/DIY/CameraModule/autonomous_rc/install/safety_manager/lib/libsafety_manager__rosidl_typesupport_fastrtps_c.so
-- Set non-toolchain portion of runtime path of "/mnt/external/DIY/CameraModule/autonomous_rc/install/safety_manager/lib/libsafety_manager__rosidl_typesupport_fastrtps_c.so" to ""
-- Installing: /mnt/external/DIY/CameraModule/autonomous_rc/install/safety_manager/lib/libsafety_manager__rosidl_typesupport_fastrtps_cpp.so
-- Installing: /mnt/external/DIY/CameraModule/autonomous_rc/install/safety_manager/lib/libsafety_manager__rosidl_typesupport_introspection_c.so
-- Set non-toolchain portion of runtime path of "/mnt/external/DIY/CameraModule/autonomous_rc/install/safety_manager/lib/libsafety_manager__rosidl_typesupport_introspection_c.so" to ""
-- Installing: /mnt/external/DIY/CameraModule/autonomous_rc/install/safety_manager/lib/libsafety_manager__rosidl_typesupport_c.so
-- Set non-toolchain portion of runtime path of "/mnt/external/DIY/CameraModule/autonomous_rc/install/safety_manager/lib/libsafety_manager__rosidl_typesupport_c.so" to ""
-- Installing: /mnt/external/DIY/CameraModule/autonomous_rc/install/safety_manager/lib/libsafety_manager__rosidl_typesupport_introspection_cpp.so
-- Installing: /mnt/external/DIY/CameraModule/autonomous_rc/install/safety_manager/lib/libsafety_manager__rosidl_typesupport_cpp.so
Listing 'lib/python3.11/site-packages/safety_manager'...
Can't list 'lib/python3.11/site-packages/safety_manager'
-- Installing: /mnt/external/DIY/CameraModule/autonomous_rc/install/safety_manager/lib/libsafety_manager__rosidl_generator_py.so
-- Set non-toolchain portion of runtime path of "/mnt/external/DIY/CameraModule/autonomous_rc/install/safety_manager/lib/libsafety_manager__rosidl_generator_py.so" to ""
-- Up-to-date: /mnt/external/DIY/CameraModule/autonomous_rc/install/safety_manager/share/safety_manager/cmake/export_safety_manager__rosidl_generator_cExport.cmake
-- Up-to-date: /mnt/external/DIY/CameraModule/autonomous_rc/install/safety_manager/share/safety_manager/cmake/export_safety_manager__rosidl_generator_cExport-release.cmake
-- Up-to-date: /mnt/external/DIY/CameraModule/autonomous_rc/install/safety_manager/share/safety_manager/cmake/export_safety_manager__rosidl_typesupport_fastrtps_cExport.cmake
-- Up-to-date: /mnt/external/DIY/CameraModule/autonomous_rc/install/safety_manager/share/safety_manager/cmake/export_safety_manager__rosidl_typesupport_fastrtps_cExport-release.cmake
-- Up-to-date: /mnt/external/DIY/CameraModule/autonomous_rc/install/safety_manager/share/safety_manager/cmake/export_safety_manager__rosidl_generator_cppExport.cmake
-- Up-to-date: /mnt/external/DIY/CameraModule/autonomous_rc/install/safety_manager/share/safety_manager/cmake/export_safety_manager__rosidl_typesupport_fastrtps_cppExport.cmake
-- Up-to-date: /mnt/external/DIY/CameraModule/autonomous_rc/install/safety_manager/share/safety_manager/cmake/export_safety_manager__rosidl_typesupport_fastrtps_cppExport-release.cmake
-- Up-to-date: /mnt/external/DIY/CameraModule/autonomous_rc/install/safety_manager/share/safety_manager/cmake/safety_manager__rosidl_typesupport_introspection_cExport.cmake
-- Up-to-date: /mnt/external/DIY/CameraModule/autonomous_rc/install/safety_manager/share/safety_manager/cmake/safety_manager__rosidl_typesupport_introspection_cExport-release.cmake
-- Up-to-date: /mnt/external/DIY/CameraModule/autonomous_rc/install/safety_manager/share/safety_manager/cmake/safety_manager__rosidl_typesupport_cExport.cmake
-- Up-to-date: /mnt/external/DIY/CameraModule/autonomous_rc/install/safety_manager/share/safety_manager/cmake/safety_manager__rosidl_typesupport_cExport-release.cmake
-- Up-to-date: /mnt/external/DIY/CameraModule/autonomous_rc/install/safety_manager/share/safety_manager/cmake/safety_manager__rosidl_typesupport_introspection_cppExport.cmake
-- Up-to-date: /mnt/external/DIY/CameraModule/autonomous_rc/install/safety_manager/share/safety_manager/cmake/safety_manager__rosidl_typesupport_introspection_cppExport-release.cmake
-- Up-to-date: /mnt/external/DIY/CameraModule/autonomous_rc/install/safety_manager/share/safety_manager/cmake/safety_manager__rosidl_typesupport_cppExport.cmake
-- Up-to-date: /mnt/external/DIY/CameraModule/autonomous_rc/install/safety_manager/share/safety_manager/cmake/safety_manager__rosidl_typesupport_cppExport-release.cmake
-- Up-to-date: /mnt/external/DIY/CameraModule/autonomous_rc/install/safety_manager/share/safety_manager/cmake/export_safety_manager__rosidl_generator_pyExport.cmake
-- Up-to-date: /mnt/external/DIY/CameraModule/autonomous_rc/install/safety_manager/share/safety_manager/cmake/export_safety_manager__rosidl_generator_pyExport-release.cmake
Finished <<< safety_manager [0.59s]
Starting >>> sensor_fusion
[ 40%] Built target ekf_core
[100%] Built target ekf_node
-- Install configuration: "Release"
-- Execute custom install script
-- Up-to-date symlink: /mnt/external/DIY/CameraModule/autonomous_rc/install/sensor_fusion/lib/sensor_fusion/ekf_node
-- Up-to-date symlink: /mnt/external/DIY/CameraModule/autonomous_rc/install/sensor_fusion/lib/libekf_core.a
-- Up-to-date symlink: /mnt/external/DIY/CameraModule/autonomous_rc/install/sensor_fusion/share/sensor_fusion/launch/__pycache__/sensor_fusion.launch.cpython-311.pyc
-- Up-to-date symlink: /mnt/external/DIY/CameraModule/autonomous_rc/install/sensor_fusion/share/sensor_fusion/launch/sensor_fusion.launch.py
-- Up-to-date symlink: /mnt/external/DIY/CameraModule/autonomous_rc/install/sensor_fusion/share/ament_index/resource_index/package_run_dependencies/sensor_fusion
-- Up-to-date symlink: /mnt/external/DIY/CameraModule/autonomous_rc/install/sensor_fusion/share/ament_index/resource_index/parent_prefix_path/sensor_fusion
-- Up-to-date symlink: /mnt/external/DIY/CameraModule/autonomous_rc/install/sensor_fusion/share/sensor_fusion/environment/ament_prefix_path.sh
-- Up-to-date symlink: /mnt/external/DIY/CameraModule/autonomous_rc/install/sensor_fusion/share/sensor_fusion/environment/ament_prefix_path.dsv
-- Up-to-date symlink: /mnt/external/DIY/CameraModule/autonomous_rc/install/sensor_fusion/share/sensor_fusion/environment/path.sh
-- Up-to-date symlink: /mnt/external/DIY/CameraModule/autonomous_rc/install/sensor_fusion/share/sensor_fusion/environment/path.dsv
-- Up-to-date symlink: /mnt/external/DIY/CameraModule/autonomous_rc/install/sensor_fusion/share/sensor_fusion/local_setup.bash
-- Up-to-date symlink: /mnt/external/DIY/CameraModule/autonomous_rc/install/sensor_fusion/share/sensor_fusion/local_setup.sh
-- Up-to-date symlink: /mnt/external/DIY/CameraModule/autonomous_rc/install/sensor_fusion/share/sensor_fusion/local_setup.zsh
-- Up-to-date symlink: /mnt/external/DIY/CameraModule/autonomous_rc/install/sensor_fusion/share/sensor_fusion/local_setup.dsv
-- Symlinking: /mnt/external/DIY/CameraModule/autonomous_rc/install/sensor_fusion/share/sensor_fusion/package.dsv
-- Up-to-date symlink: /mnt/external/DIY/CameraModule/autonomous_rc/install/sensor_fusion/share/ament_index/resource_index/packages/sensor_fusion
-- Up-to-date symlink: /mnt/external/DIY/CameraModule/autonomous_rc/install/sensor_fusion/share/sensor_fusion/cmake/sensor_fusionConfig.cmake
-- Up-to-date symlink: /mnt/external/DIY/CameraModule/autonomous_rc/install/sensor_fusion/share/sensor_fusion/cmake/sensor_fusionConfig-version.cmake
-- Up-to-date symlink: /mnt/external/DIY/CameraModule/autonomous_rc/install/sensor_fusion/share/sensor_fusion/package.xml
Finished <<< sensor_fusion [0.31s]
Starting >>> zed_interface
[100%] Built target zed_interface_node
-- Install configuration: "Release"
-- Execute custom install script
-- Up-to-date symlink: /mnt/external/DIY/CameraModule/autonomous_rc/install/zed_interface/lib/zed_interface/zed_interface_node
-- Up-to-date symlink: /mnt/external/DIY/CameraModule/autonomous_rc/install/zed_interface/share/zed_interface/launch/zed_interface.launch.py
-- Up-to-date symlink: /mnt/external/DIY/CameraModule/autonomous_rc/install/zed_interface/share/zed_interface/config/obstacle_mode.yaml
-- Up-to-date symlink: /mnt/external/DIY/CameraModule/autonomous_rc/install/zed_interface/share/zed_interface/config/speed_mode.yaml
-- Up-to-date symlink: /mnt/external/DIY/CameraModule/autonomous_rc/install/zed_interface/share/ament_index/resource_index/package_run_dependencies/zed_interface
-- Up-to-date symlink: /mnt/external/DIY/CameraModule/autonomous_rc/install/zed_interface/share/ament_index/resource_index/parent_prefix_path/zed_interface
-- Up-to-date symlink: /mnt/external/DIY/CameraModule/autonomous_rc/install/zed_interface/share/zed_interface/environment/ament_prefix_path.sh
-- Up-to-date symlink: /mnt/external/DIY/CameraModule/autonomous_rc/install/zed_interface/share/zed_interface/environment/ament_prefix_path.dsv
-- Up-to-date symlink: /mnt/external/DIY/CameraModule/autonomous_rc/install/zed_interface/share/zed_interface/environment/path.sh
-- Up-to-date symlink: /mnt/external/DIY/CameraModule/autonomous_rc/install/zed_interface/share/zed_interface/environment/path.dsv
-- Up-to-date symlink: /mnt/external/DIY/CameraModule/autonomous_rc/install/zed_interface/share/zed_interface/local_setup.bash
-- Up-to-date symlink: /mnt/external/DIY/CameraModule/autonomous_rc/install/zed_interface/share/zed_interface/local_setup.sh
-- Up-to-date symlink: /mnt/external/DIY/CameraModule/autonomous_rc/install/zed_interface/share/zed_interface/local_setup.zsh
-- Up-to-date symlink: /mnt/external/DIY/CameraModule/autonomous_rc/install/zed_interface/share/zed_interface/local_setup.dsv
-- Symlinking: /mnt/external/DIY/CameraModule/autonomous_rc/install/zed_interface/share/zed_interface/package.dsv
-- Up-to-date symlink: /mnt/external/DIY/CameraModule/autonomous_rc/install/zed_interface/share/ament_index/resource_index/packages/zed_interface
-- Up-to-date symlink: /mnt/external/DIY/CameraModule/autonomous_rc/install/zed_interface/share/zed_interface/cmake/zed_interfaceConfig.cmake
-- Up-to-date symlink: /mnt/external/DIY/CameraModule/autonomous_rc/install/zed_interface/share/zed_interface/cmake/zed_interfaceConfig-version.cmake
-- Up-to-date symlink: /mnt/external/DIY/CameraModule/autonomous_rc/install/zed_interface/share/zed_interface/package.xml
Finished <<< zed_interface [0.24s]
Starting >>> controller
[ 57%] Built target steering_controllers
[100%] Built target pure_pursuit_node
-- Install configuration: "Release"
-- Execute custom install script
-- Up-to-date symlink: /mnt/external/DIY/CameraModule/autonomous_rc/install/controller/lib/controller/pure_pursuit_node
-- Up-to-date symlink: /mnt/external/DIY/CameraModule/autonomous_rc/install/controller/lib/libsteering_controllers.a
-- Up-to-date symlink: /mnt/external/DIY/CameraModule/autonomous_rc/install/controller/share/controller/launch/controller.launch.py
-- Up-to-date symlink: /mnt/external/DIY/CameraModule/autonomous_rc/install/controller/share/ament_index/resource_index/package_run_dependencies/controller
-- Up-to-date symlink: /mnt/external/DIY/CameraModule/autonomous_rc/install/controller/share/ament_index/resource_index/parent_prefix_path/controller
-- Up-to-date symlink: /mnt/external/DIY/CameraModule/autonomous_rc/install/controller/share/controller/environment/ament_prefix_path.sh
-- Up-to-date symlink: /mnt/external/DIY/CameraModule/autonomous_rc/install/controller/share/controller/environment/ament_prefix_path.dsv
-- Up-to-date symlink: /mnt/external/DIY/CameraModule/autonomous_rc/install/controller/share/controller/environment/path.sh
-- Up-to-date symlink: /mnt/external/DIY/CameraModule/autonomous_rc/install/controller/share/controller/environment/path.dsv
-- Up-to-date symlink: /mnt/external/DIY/CameraModule/autonomous_rc/install/controller/share/controller/local_setup.bash
-- Up-to-date symlink: /mnt/external/DIY/CameraModule/autonomous_rc/install/controller/share/controller/local_setup.sh
-- Up-to-date symlink: /mnt/external/DIY/CameraModule/autonomous_rc/install/controller/share/controller/local_setup.zsh
-- Up-to-date symlink: /mnt/external/DIY/CameraModule/autonomous_rc/install/controller/share/controller/local_setup.dsv
-- Symlinking: /mnt/external/DIY/CameraModule/autonomous_rc/install/controller/share/controller/package.dsv
-- Up-to-date symlink: /mnt/external/DIY/CameraModule/autonomous_rc/install/controller/share/ament_index/resource_index/packages/controller
-- Up-to-date symlink: /mnt/external/DIY/CameraModule/autonomous_rc/install/controller/share/controller/cmake/controllerConfig.cmake
-- Up-to-date symlink: /mnt/external/DIY/CameraModule/autonomous_rc/install/controller/share/controller/cmake/controllerConfig-version.cmake
-- Up-to-date symlink: /mnt/external/DIY/CameraModule/autonomous_rc/install/controller/share/controller/package.xml
Finished <<< controller [0.37s]
Starting >>> diagnostics
[ 40%] Built target gpu_cpu_monitor
[100%] Built target system_health_node
-- Install configuration: "Release"
-- Execute custom install script
-- Up-to-date symlink: /mnt/external/DIY/CameraModule/autonomous_rc/install/diagnostics/lib/diagnostics/system_health_node
-- Up-to-date symlink: /mnt/external/DIY/CameraModule/autonomous_rc/install/diagnostics/lib/libgpu_cpu_monitor.a
-- Up-to-date symlink: /mnt/external/DIY/CameraModule/autonomous_rc/install/diagnostics/lib/diagnostics/record_bag.py
-- Up-to-date symlink: /mnt/external/DIY/CameraModule/autonomous_rc/install/diagnostics/lib/diagnostics/clear_estop.py
-- Up-to-date symlink: /mnt/external/DIY/CameraModule/autonomous_rc/install/diagnostics/lib/diagnostics/gpu_profile.py
-- Up-to-date symlink: /mnt/external/DIY/CameraModule/autonomous_rc/install/diagnostics/share/diagnostics/launch/diagnostics.launch.py
-- Up-to-date symlink: /mnt/external/DIY/CameraModule/autonomous_rc/install/diagnostics/share/ament_index/resource_index/package_run_dependencies/diagnostics
-- Up-to-date symlink: /mnt/external/DIY/CameraModule/autonomous_rc/install/diagnostics/share/ament_index/resource_index/parent_prefix_path/diagnostics
-- Up-to-date symlink: /mnt/external/DIY/CameraModule/autonomous_rc/install/diagnostics/share/diagnostics/environment/ament_prefix_path.sh
-- Up-to-date symlink: /mnt/external/DIY/CameraModule/autonomous_rc/install/diagnostics/share/diagnostics/environment/ament_prefix_path.dsv
-- Up-to-date symlink: /mnt/external/DIY/CameraModule/autonomous_rc/install/diagnostics/share/diagnostics/environment/path.sh
-- Up-to-date symlink: /mnt/external/DIY/CameraModule/autonomous_rc/install/diagnostics/share/diagnostics/environment/path.dsv
-- Up-to-date symlink: /mnt/external/DIY/CameraModule/autonomous_rc/install/diagnostics/share/diagnostics/local_setup.bash
-- Up-to-date symlink: /mnt/external/DIY/CameraModule/autonomous_rc/install/diagnostics/share/diagnostics/local_setup.sh
-- Up-to-date symlink: /mnt/external/DIY/CameraModule/autonomous_rc/install/diagnostics/share/diagnostics/local_setup.zsh
-- Up-to-date symlink: /mnt/external/DIY/CameraModule/autonomous_rc/install/diagnostics/share/diagnostics/local_setup.dsv
-- Symlinking: /mnt/external/DIY/CameraModule/autonomous_rc/install/diagnostics/share/diagnostics/package.dsv
-- Up-to-date symlink: /mnt/external/DIY/CameraModule/autonomous_rc/install/diagnostics/share/ament_index/resource_index/packages/diagnostics
-- Up-to-date symlink: /mnt/external/DIY/CameraModule/autonomous_rc/install/diagnostics/share/diagnostics/cmake/diagnosticsConfig.cmake
-- Up-to-date symlink: /mnt/external/DIY/CameraModule/autonomous_rc/install/diagnostics/share/diagnostics/cmake/diagnosticsConfig-version.cmake
-- Up-to-date symlink: /mnt/external/DIY/CameraModule/autonomous_rc/install/diagnostics/share/diagnostics/package.xml
Finished <<< diagnostics [0.28s]
Starting >>> recovery_manager
[ 40%] Built target dwa_planner
[100%] Built target recovery_manager_node
-- Install configuration: "Release"
-- Execute custom install script
-- Up-to-date symlink: /mnt/external/DIY/CameraModule/autonomous_rc/install/recovery_manager/lib/recovery_manager/recovery_manager_node
-- Up-to-date symlink: /mnt/external/DIY/CameraModule/autonomous_rc/install/recovery_manager/lib/libdwa_planner.a
-- Up-to-date symlink: /mnt/external/DIY/CameraModule/autonomous_rc/install/recovery_manager/share/recovery_manager/launch/recovery_manager.launch.py
-- Up-to-date symlink: /mnt/external/DIY/CameraModule/autonomous_rc/install/recovery_manager/share/ament_index/resource_index/package_run_dependencies/recovery_manager
-- Up-to-date symlink: /mnt/external/DIY/CameraModule/autonomous_rc/install/recovery_manager/share/ament_index/resource_index/parent_prefix_path/recovery_manager
-- Up-to-date symlink: /mnt/external/DIY/CameraModule/autonomous_rc/install/recovery_manager/share/recovery_manager/environment/ament_prefix_path.sh
-- Up-to-date symlink: /mnt/external/DIY/CameraModule/autonomous_rc/install/recovery_manager/share/recovery_manager/environment/ament_prefix_path.dsv
-- Up-to-date symlink: /mnt/external/DIY/CameraModule/autonomous_rc/install/recovery_manager/share/recovery_manager/environment/path.sh
-- Up-to-date symlink: /mnt/external/DIY/CameraModule/autonomous_rc/install/recovery_manager/share/recovery_manager/environment/path.dsv
-- Up-to-date symlink: /mnt/external/DIY/CameraModule/autonomous_rc/install/recovery_manager/share/recovery_manager/local_setup.bash
-- Up-to-date symlink: /mnt/external/DIY/CameraModule/autonomous_rc/install/recovery_manager/share/recovery_manager/local_setup.sh
-- Up-to-date symlink: /mnt/external/DIY/CameraModule/autonomous_rc/install/recovery_manager/share/recovery_manager/local_setup.zsh
-- Up-to-date symlink: /mnt/external/DIY/CameraModule/autonomous_rc/install/recovery_manager/share/recovery_manager/local_setup.dsv
-- Symlinking: /mnt/external/DIY/CameraModule/autonomous_rc/install/recovery_manager/share/recovery_manager/package.dsv
-- Up-to-date symlink: /mnt/external/DIY/CameraModule/autonomous_rc/install/recovery_manager/share/ament_index/resource_index/packages/recovery_manager
-- Up-to-date symlink: /mnt/external/DIY/CameraModule/autonomous_rc/install/recovery_manager/share/recovery_manager/cmake/recovery_managerConfig.cmake
-- Up-to-date symlink: /mnt/external/DIY/CameraModule/autonomous_rc/install/recovery_manager/share/recovery_manager/cmake/recovery_managerConfig-version.cmake
-- Up-to-date symlink: /mnt/external/DIY/CameraModule/autonomous_rc/install/recovery_manager/share/recovery_manager/package.xml
Finished <<< recovery_manager [0.35s]

Summary: 11 packages finished [3.72s]
