Starting >>> encoder_interface
[100%] Built target encoder_node
-- Install configuration: "Release"
-- Execute custom install script
-- Up-to-date symlink: /mnt/external/DIY/CameraModule/autonomous_rc/install/encoder_interface/lib/encoder_interface/encoder_node
-- Up-to-date symlink: /mnt/external/DIY/CameraModule/autonomous_rc/install/encoder_interface/share/encoder_interface/launch/encoder_interface.launch.py
-- Up-to-date symlink: /mnt/external/DIY/CameraModule/autonomous_rc/install/encoder_interface/share/ament_index/resource_index/package_run_dependencies/encoder_interface
-- Up-to-date symlink: /mnt/external/DIY/CameraModule/autonomous_rc/install/encoder_interface/share/ament_index/resource_index/parent_prefix_path/encoder_interface
-- Up-to-date symlink: /mnt/external/DIY/CameraModule/autonomous_rc/install/encoder_interface/share/encoder_interface/environment/ament_prefix_path.sh
-- Up-to-date symlink: /mnt/external/DIY/CameraModule/autonomous_rc/install/encoder_interface/share/encoder_interface/environment/ament_prefix_path.dsv
-- Up-to-date symlink: /mnt/external/DIY/CameraModule/autonomous_rc/install/encoder_interface/share/encoder_interface/environment/path.sh
-- Up-to-date symlink: /mnt/external/DIY/CameraModule/autonomous_rc/install/encoder_interface/share/encoder_interface/environment/path.dsv
-- Up-to-date symlink: /mnt/external/DIY/CameraModule/autonomous_rc/install/encoder_interface/share/encoder_interface/local_setup.bash
-- Up-to-date symlink: /mnt/external/DIY/CameraModule/autonomous_rc/install/encoder_interface/share/encoder_interface/local_setup.sh
-- Up-to-date symlink: /mnt/external/DIY/CameraModule/autonomous_rc/install/encoder_interface/share/encoder_interface/local_setup.zsh
-- Up-to-date symlink: /mnt/external/DIY/CameraModule/autonomous_rc/install/encoder_interface/share/encoder_interface/local_setup.dsv
-- Symlinking: /mnt/external/DIY/CameraModule/autonomous_rc/install/encoder_interface/share/encoder_interface/package.dsv
-- Up-to-date symlink: /mnt/external/DIY/CameraModule/autonomous_rc/install/encoder_interface/share/ament_index/resource_index/packages/encoder_interface
-- Up-to-date symlink: /mnt/external/DIY/CameraModule/autonomous_rc/install/encoder_interface/share/encoder_interface/cmake/encoder_interfaceConfig.cmake
-- Up-to-date symlink: /mnt/external/DIY/CameraModule/autonomous_rc/install/encoder_interface/share/encoder_interface/cmake/encoder_interfaceConfig-version.cmake
-- Up-to-date symlink: /mnt/external/DIY/CameraModule/autonomous_rc/install/encoder_interface/share/encoder_interface/package.xml
Finished <<< encoder_interface [0.22s]