Starting >>> lidar_interface
[100%] Built target scan_filter_node
-- Install configuration: "Release"
-- Execute custom install script
-- Up-to-date symlink: /mnt/external/DIY/CameraModule/autonomous_rc/install/lidar_interface/lib/lidar_interface/scan_filter_node
-- Up-to-date symlink: /mnt/external/DIY/CameraModule/autonomous_rc/install/lidar_interface/share/lidar_interface/launch/lidar_interface.launch.py
-- Up-to-date symlink: /mnt/external/DIY/CameraModule/autonomous_rc/install/lidar_interface/share/lidar_interface/config/rplidar.yaml
-- Up-to-date symlink: /mnt/external/DIY/CameraModule/autonomous_rc/install/lidar_interface/share/ament_index/resource_index/package_run_dependencies/lidar_interface
-- Up-to-date symlink: /mnt/external/DIY/CameraModule/autonomous_rc/install/lidar_interface/share/ament_index/resource_index/parent_prefix_path/lidar_interface
-- Up-to-date symlink: /mnt/external/DIY/CameraModule/autonomous_rc/install/lidar_interface/share/lidar_interface/environment/ament_prefix_path.sh
-- Up-to-date symlink: /mnt/external/DIY/CameraModule/autonomous_rc/install/lidar_interface/share/lidar_interface/environment/ament_prefix_path.dsv
-- Up-to-date symlink: /mnt/external/DIY/CameraModule/autonomous_rc/install/lidar_interface/share/lidar_interface/environment/path.sh
-- Up-to-date symlink: /mnt/external/DIY/CameraModule/autonomous_rc/install/lidar_interface/share/lidar_interface/environment/path.dsv
-- Up-to-date symlink: /mnt/external/DIY/CameraModule/autonomous_rc/install/lidar_interface/share/lidar_interface/local_setup.bash
-- Up-to-date symlink: /mnt/external/DIY/CameraModule/autonomous_rc/install/lidar_interface/share/lidar_interface/local_setup.sh
-- Up-to-date symlink: /mnt/external/DIY/CameraModule/autonomous_rc/install/lidar_interface/share/lidar_interface/local_setup.zsh
-- Up-to-date symlink: /mnt/external/DIY/CameraModule/autonomous_rc/install/lidar_interface/share/lidar_interface/local_setup.dsv
-- Symlinking: /mnt/external/DIY/CameraModule/autonomous_rc/install/lidar_interface/share/lidar_interface/package.dsv
-- Up-to-date symlink: /mnt/external/DIY/CameraModule/autonomous_rc/install/lidar_interface/share/ament_index/resource_index/packages/lidar_interface
-- Up-to-date symlink: /mnt/external/DIY/CameraModule/autonomous_rc/install/lidar_interface/share/lidar_interface/cmake/lidar_interfaceConfig.cmake
-- Up-to-date symlink: /mnt/external/DIY/CameraModule/autonomous_rc/install/lidar_interface/share/lidar_interface/cmake/lidar_interfaceConfig-version.cmake
-- Up-to-date symlink: /mnt/external/DIY/CameraModule/autonomous_rc/install/lidar_interface/share/lidar_interface/package.xml
Finished <<< lidar_interface [0.22s]