Starting >>> zed_interface
[100%] Built target zed_interface_node
-- Install configuration: "Release"
-- Execute custom install script
-- Up-to-date symlink: /mnt/external/DIY/CameraModule/autonomous_rc/install/zed_interface/lib/zed_interface/zed_interface_node
-- Up-to-date symlink: /mnt/external/DIY/CameraModule/autonomous_rc/install/zed_interface/share/zed_interface/launch/zed_interface.launch.py
-- Up-to-date symlink: /mnt/external/DIY/CameraModule/autonomous_rc/install/zed_interface/share/zed_interface/config/obstacle_mode.yaml
-- Up-to-date symlink: /mnt/external/DIY/CameraModule/autonomous_rc/install/zed_interface/share/zed_interface/config/speed_mode.yaml
-- Up-to-date symlink: /mnt/external/DIY/CameraModule/autonomous_rc/install/zed_interface/share/ament_index/resource_index/package_run_dependencies/zed_interface
-- Up-to-date symlink: /mnt/external/DIY/CameraModule/autonomous_rc/install/zed_interface/share/ament_index/resource_index/parent_prefix_path/zed_interface
-- Up-to-date symlink: /mnt/external/DIY/CameraModule/autonomous_rc/install/zed_interface/share/zed_interface/environment/ament_prefix_path.sh
-- Up-to-date symlink: /mnt/external/DIY/CameraModule/autonomous_rc/install/zed_interface/share/zed_interface/environment/ament_prefix_path.dsv
-- Up-to-date symlink: /mnt/external/DIY/CameraModule/autonomous_rc/install/zed_interface/share/zed_interface/environment/path.sh
-- Up-to-date symlink: /mnt/external/DIY/CameraModule/autonomous_rc/install/zed_interface/share/zed_interface/environment/path.dsv
-- Up-to-date symlink: /mnt/external/DIY/CameraModule/autonomous_rc/install/zed_interface/share/zed_interface/local_setup.bash
-- Up-to-date symlink: /mnt/external/DIY/CameraModule/autonomous_rc/install/zed_interface/share/zed_interface/local_setup.sh
-- Up-to-date symlink: /mnt/external/DIY/CameraModule/autonomous_rc/install/zed_interface/share/zed_interface/local_setup.zsh
-- Up-to-date symlink: /mnt/external/DIY/CameraModule/autonomous_rc/install/zed_interface/share/zed_interface/local_setup.dsv
-- Symlinking: /mnt/external/DIY/CameraModule/autonomous_rc/install/zed_interface/share/zed_interface/package.dsv
-- Up-to-date symlink: /mnt/external/DIY/CameraModule/autonomous_rc/install/zed_interface/share/ament_index/resource_index/packages/zed_interface
-- Up-to-date symlink: /mnt/external/DIY/CameraModule/autonomous_rc/install/zed_interface/share/zed_interface/cmake/zed_interfaceConfig.cmake
-- Up-to-date symlink: /mnt/external/DIY/CameraModule/autonomous_rc/install/zed_interface/share/zed_interface/cmake/zed_interfaceConfig-version.cmake
-- Up-to-date symlink: /mnt/external/DIY/CameraModule/autonomous_rc/install/zed_interface/share/zed_interface/package.xml
Finished <<< zed_interface [0.24s]